// Jest Snapshot v1, https://goo.gl/fbAQLP

exports[`Should render a pokemon 1`] = `
<h2>
  butterfree
</h2>
`;
